CONTAINER ID   NAME                       CPU %     MEM USAGE / LIMIT     MEM %     NET I/O          BLOCK I/O       PIDS
61ae0de649d7   llama_training_container   3.21%     487.8MiB / 7.641GiB   6.24%     685MB / 13.1MB   264MB / 556MB   9
CONTAINER ID   NAME                       CPU %     MEM USAGE / LIMIT     MEM %     NET I/O          BLOCK I/O       PIDS
61ae0de649d7   llama_training_container   4.44%     496.5MiB / 7.641GiB   6.35%     974MB / 18.7MB   264MB / 849MB   9
CONTAINER ID   NAME                       CPU %     MEM USAGE / LIMIT     MEM %     NET I/O           BLOCK I/O        PIDS
61ae0de649d7   llama_training_container   2.74%     503.5MiB / 7.641GiB   6.43%     1.26GB / 24.3MB   264MB / 1.14GB   9
CONTAINER ID   NAME                       CPU %     MEM USAGE / LIMIT     MEM %     NET I/O           BLOCK I/O        PIDS
61ae0de649d7   llama_training_container   3.67%     511.7MiB / 7.641GiB   6.54%     1.56GB / 30.1MB   264MB / 1.44GB   9
CONTAINER ID   NAME                       CPU %     MEM USAGE / LIMIT     MEM %     NET I/O           BLOCK I/O        PIDS
61ae0de649d7   llama_training_container   1.40%     519.2MiB / 7.641GiB   6.64%     1.84GB / 35.6MB   264MB / 1.72GB   9
CONTAINER ID   NAME                       CPU %     MEM USAGE / LIMIT     MEM %     NET I/O           BLOCK I/O        PIDS
61ae0de649d7   llama_training_container   2.63%     526.6MiB / 7.641GiB   6.73%     2.11GB / 41.1MB   264MB / 1.99GB   9
CONTAINER ID   NAME                       CPU %     MEM USAGE / LIMIT     MEM %     NET I/O           BLOCK I/O        PIDS
61ae0de649d7   llama_training_container   2.89%     533.8MiB / 7.641GiB   6.82%     2.37GB / 46.5MB   264MB / 2.26GB   9
CONTAINER ID   NAME                       CPU %     MEM USAGE / LIMIT     MEM %     NET I/O           BLOCK I/O        PIDS
61ae0de649d7   llama_training_container   2.26%     541.6MiB / 7.641GiB   6.92%     2.66GB / 52.1MB   264MB / 2.56GB   9
CONTAINER ID   NAME                       CPU %     MEM USAGE / LIMIT     MEM %     NET I/O           BLOCK I/O        PIDS
61ae0de649d7   llama_training_container   9.31%     549.7MiB / 7.641GiB   7.03%     2.95GB / 57.8MB   264MB / 2.85GB   9
CONTAINER ID   NAME                       CPU %     MEM USAGE / LIMIT     MEM %     NET I/O           BLOCK I/O     PIDS
61ae0de649d7   llama_training_container   3.25%     557.2MiB / 7.641GiB   7.12%     3.24GB / 63.3MB   264MB / 3GB   9
CONTAINER ID   NAME                       CPU %     MEM USAGE / LIMIT     MEM %     NET I/O          BLOCK I/O        PIDS
61ae0de649d7   llama_training_container   2.70%     569.2MiB / 7.641GiB   7.27%     3.5GB / 68.4MB   264MB / 3.33GB   9
CONTAINER ID   NAME                       CPU %     MEM USAGE / LIMIT     MEM %     NET I/O           BLOCK I/O        PIDS
61ae0de649d7   llama_training_container   3.33%     568.3MiB / 7.641GiB   7.26%     3.78GB / 73.8MB   264MB / 3.63GB   9
CONTAINER ID   NAME                       CPU %     MEM USAGE / LIMIT     MEM %     NET I/O           BLOCK I/O        PIDS
61ae0de649d7   llama_training_container   2.81%     570.7MiB / 7.641GiB   7.29%     4.06GB / 79.4MB   264MB / 3.91GB   9
CONTAINER ID   NAME                       CPU %     MEM USAGE / LIMIT     MEM %     NET I/O           BLOCK I/O       PIDS
61ae0de649d7   llama_training_container   2.66%     572.1MiB / 7.641GiB   7.31%     4.35GB / 84.8MB   264MB / 4.2GB   9
CONTAINER ID   NAME                       CPU %     MEM USAGE / LIMIT     MEM %     NET I/O           BLOCK I/O        PIDS
61ae0de649d7   llama_training_container   7.85%     574.4MiB / 7.641GiB   7.34%     4.63GB / 90.4MB   264MB / 4.35GB   9
CONTAINER ID   NAME                       CPU %     MEM USAGE / LIMIT     MEM %     NET I/O           BLOCK I/O        PIDS
61ae0de649d7   llama_training_container   2.84%     573.2MiB / 7.641GiB   7.33%     4.91GB / 95.8MB   264MB / 4.64GB   9
CONTAINER ID   NAME                       CPU %     MEM USAGE / LIMIT     MEM %     NET I/O          BLOCK I/O        PIDS
61ae0de649d7   llama_training_container   1.92%     573.5MiB / 7.641GiB   7.33%     5.17GB / 101MB   264MB / 4.92GB   9
CONTAINER ID   NAME                       CPU %     MEM USAGE / LIMIT     MEM %     NET I/O          BLOCK I/O        PIDS
61ae0de649d7   llama_training_container   4.21%     572.6MiB / 7.641GiB   7.32%     5.39GB / 106MB   264MB / 5.14GB   9
CONTAINER ID   NAME                       CPU %     MEM USAGE / LIMIT     MEM %     NET I/O          BLOCK I/O       PIDS
61ae0de649d7   llama_training_container   2.38%     573.3MiB / 7.641GiB   7.33%     5.66GB / 111MB   264MB / 5.4GB   9
CONTAINER ID   NAME                       CPU %     MEM USAGE / LIMIT     MEM %     NET I/O         BLOCK I/O        PIDS
61ae0de649d7   llama_training_container   5.88%     575.8MiB / 7.641GiB   7.36%     5.9GB / 116MB   264MB / 5.65GB   9
CONTAINER ID   NAME                       CPU %     MEM USAGE / LIMIT   MEM %     NET I/O          BLOCK I/O        PIDS
61ae0de649d7   llama_training_container   2.78%     574MiB / 7.641GiB   7.34%     6.15GB / 122MB   264MB / 5.92GB   9
CONTAINER ID   NAME                       CPU %     MEM USAGE / LIMIT     MEM %     NET I/O          BLOCK I/O       PIDS
61ae0de649d7   llama_training_container   1.16%     575.7MiB / 7.641GiB   7.36%     6.42GB / 127MB   264MB / 6.2GB   9
CONTAINER ID   NAME                       CPU %     MEM USAGE / LIMIT     MEM %     NET I/O          BLOCK I/O        PIDS
61ae0de649d7   llama_training_container   4.87%     578.4MiB / 7.641GiB   7.39%     6.69GB / 132MB   264MB / 6.47GB   9
CONTAINER ID   NAME                       CPU %     MEM USAGE / LIMIT     MEM %     NET I/O          BLOCK I/O       PIDS
61ae0de649d7   llama_training_container   2.70%     579.6MiB / 7.641GiB   7.41%     6.95GB / 137MB   264MB / 6.6GB   9
CONTAINER ID   NAME                       CPU %     MEM USAGE / LIMIT     MEM %     NET I/O          BLOCK I/O        PIDS
61ae0de649d7   llama_training_container   2.16%     578.9MiB / 7.641GiB   7.40%     7.22GB / 143MB   264MB / 6.88GB   9
CONTAINER ID   NAME                       CPU %     MEM USAGE / LIMIT     MEM %     NET I/O          BLOCK I/O        PIDS
61ae0de649d7   llama_training_container   3.25%     577.9MiB / 7.641GiB   7.39%     7.48GB / 148MB   264MB / 7.15GB   9
CONTAINER ID   NAME                       CPU %     MEM USAGE / LIMIT     MEM %     NET I/O          BLOCK I/O       PIDS
61ae0de649d7   llama_training_container   2.33%     580.9MiB / 7.641GiB   7.42%     7.73GB / 153MB   264MB / 7.4GB   9
CONTAINER ID   NAME                       CPU %     MEM USAGE / LIMIT     MEM %     NET I/O       BLOCK I/O        PIDS
61ae0de649d7   llama_training_container   3.03%     580.8MiB / 7.641GiB   7.42%     8GB / 158MB   264MB / 7.67GB   9
CONTAINER ID   NAME                       CPU %     MEM USAGE / LIMIT     MEM %     NET I/O          BLOCK I/O        PIDS
61ae0de649d7   llama_training_container   2.67%     580.2MiB / 7.641GiB   7.42%     8.28GB / 164MB   264MB / 7.96GB   9
CONTAINER ID   NAME                       CPU %     MEM USAGE / LIMIT     MEM %     NET I/O          BLOCK I/O        PIDS
61ae0de649d7   llama_training_container   3.85%     581.7MiB / 7.641GiB   7.43%     8.54GB / 169MB   264MB / 8.25GB   9
CONTAINER ID   NAME                       CPU %     MEM USAGE / LIMIT     MEM %     NET I/O         BLOCK I/O        PIDS
61ae0de649d7   llama_training_container   3.60%     580.8MiB / 7.641GiB   7.42%     8.8GB / 174MB   264MB / 8.51GB   9
CONTAINER ID   NAME                       CPU %     MEM USAGE / LIMIT     MEM %     NET I/O          BLOCK I/O        PIDS
61ae0de649d7   llama_training_container   3.55%     583.1MiB / 7.641GiB   7.45%     9.07GB / 179MB   264MB / 8.77GB   9
CONTAINER ID   NAME                       CPU %     MEM USAGE / LIMIT     MEM %     NET I/O          BLOCK I/O        PIDS
61ae0de649d7   llama_training_container   3.02%     584.4MiB / 7.641GiB   7.47%     9.33GB / 184MB   264MB / 8.91GB   9
CONTAINER ID   NAME                       CPU %     MEM USAGE / LIMIT     MEM %     NET I/O          BLOCK I/O         PIDS
61ae0de649d7   llama_training_container   39.44%    5.488GiB / 7.641GiB   71.82%    9.56GB / 189MB   2.82GB / 9.94GB   12




CONTAINER ID   NAME                       CPU %     MEM USAGE / LIMIT   MEM %     NET I/O          BLOCK I/O       PIDS
c0aa5200760a   llama_training_container   2.26%     388.8MiB / 4GiB     9.49%     9.12MB / 151kB   251MB / 561kB   9
CONTAINER ID   NAME                       CPU %     MEM USAGE / LIMIT   MEM %     NET I/O          BLOCK I/O       PIDS
c0aa5200760a   llama_training_container   3.93%     478MiB / 4GiB       11.67%    281MB / 5.57MB   255MB / 261MB   10
CONTAINER ID   NAME                       CPU %     MEM USAGE / LIMIT   MEM %     NET I/O          BLOCK I/O       PIDS
c0aa5200760a   llama_training_container   2.91%     486.7MiB / 4GiB     11.88%    574MB / 11.4MB   255MB / 408MB   10
CONTAINER ID   NAME                       CPU %     MEM USAGE / LIMIT   MEM %     NET I/O          BLOCK I/O       PIDS
c0aa5200760a   llama_training_container   3.63%     493.7MiB / 4GiB     12.05%    862MB / 17.1MB   255MB / 702MB   10
CONTAINER ID   NAME                       CPU %     MEM USAGE / LIMIT   MEM %     NET I/O           BLOCK I/O       PIDS
c0aa5200760a   llama_training_container   2.41%     502MiB / 4GiB       12.26%    1.16GB / 22.8MB   255MB / 995MB   10
CONTAINER ID   NAME                       CPU %     MEM USAGE / LIMIT   MEM %     NET I/O           BLOCK I/O       PIDS
c0aa5200760a   llama_training_container   2.73%     510.1MiB / 4GiB     12.45%    1.45GB / 28.6MB   255MB / 1.3GB   10
CONTAINER ID   NAME                       CPU %     MEM USAGE / LIMIT   MEM %     NET I/O           BLOCK I/O       PIDS
c0aa5200760a   llama_training_container   5.69%     518.6MiB / 4GiB     12.66%    1.75GB / 34.3MB   255MB / 1.6GB   10
CONTAINER ID   NAME                       CPU %     MEM USAGE / LIMIT   MEM %     NET I/O           BLOCK I/O        PIDS
c0aa5200760a   llama_training_container   5.07%     525.5MiB / 4GiB     12.83%    2.03GB / 39.9MB   255MB / 1.89GB   10
CONTAINER ID   NAME                       CPU %     MEM USAGE / LIMIT   MEM %     NET I/O           BLOCK I/O        PIDS
c0aa5200760a   llama_training_container   3.84%     533.8MiB / 4GiB     13.03%    2.32GB / 45.6MB   255MB / 2.18GB   10
CONTAINER ID   NAME                       CPU %     MEM USAGE / LIMIT   MEM %     NET I/O           BLOCK I/O        PIDS
c0aa5200760a   llama_training_container   5.41%     541.3MiB / 4GiB     13.22%    2.59GB / 51.1MB   255MB / 2.46GB   10
CONTAINER ID   NAME                       CPU %     MEM USAGE / LIMIT   MEM %     NET I/O           BLOCK I/O        PIDS
c0aa5200760a   llama_training_container   9.49%     549MiB / 4GiB       13.40%    2.87GB / 56.8MB   255MB / 2.75GB   10
CONTAINER ID   NAME                       CPU %     MEM USAGE / LIMIT   MEM %     NET I/O           BLOCK I/O     PIDS
c0aa5200760a   llama_training_container   1.21%     555.5MiB / 4GiB     13.56%    3.11GB / 61.7MB   255MB / 3GB   10
CONTAINER ID   NAME                       CPU %     MEM USAGE / LIMIT   MEM %     NET I/O           BLOCK I/O       PIDS
c0aa5200760a   llama_training_container   1.85%     560MiB / 4GiB       13.67%    3.27GB / 66.1MB   255MB / 3.1GB   10
CONTAINER ID   NAME                       CPU %     MEM USAGE / LIMIT   MEM %     NET I/O          BLOCK I/O        PIDS
c0aa5200760a   llama_training_container   5.66%     566.2MiB / 4GiB     13.82%    3.5GB / 71.1MB   255MB / 3.28GB   10
CONTAINER ID   NAME                       CPU %     MEM USAGE / LIMIT   MEM %     NET I/O           BLOCK I/O        PIDS
c0aa5200760a   llama_training_container   3.74%     577MiB / 4GiB       14.09%    3.78GB / 76.7MB   255MB / 3.54GB   10
CONTAINER ID   NAME                       CPU %     MEM USAGE / LIMIT   MEM %     NET I/O           BLOCK I/O        PIDS
c0aa5200760a   llama_training_container   4.69%     583MiB / 4GiB       14.23%    4.04GB / 82.1MB   255MB / 3.81GB   10
CONTAINER ID   NAME                       CPU %     MEM USAGE / LIMIT   MEM %     NET I/O           BLOCK I/O       PIDS
c0aa5200760a   llama_training_container   3.73%     583.2MiB / 4GiB     14.24%    4.32GB / 87.7MB   255MB / 4.1GB   10
CONTAINER ID   NAME                       CPU %     MEM USAGE / LIMIT   MEM %     NET I/O           BLOCK I/O        PIDS
c0aa5200760a   llama_training_container   5.18%     583.5MiB / 4GiB     14.24%    4.61GB / 93.2MB   255MB / 4.39GB   10
CONTAINER ID   NAME                       CPU %     MEM USAGE / LIMIT   MEM %     NET I/O           BLOCK I/O        PIDS
c0aa5200760a   llama_training_container   3.56%     584.3MiB / 4GiB     14.26%    4.86GB / 98.5MB   255MB / 4.65GB   10
CONTAINER ID   NAME                       CPU %     MEM USAGE / LIMIT   MEM %     NET I/O          BLOCK I/O        PIDS
c0aa5200760a   llama_training_container   4.75%     584.4MiB / 4GiB     14.27%    5.14GB / 104MB   255MB / 4.93GB   10
CONTAINER ID   NAME                       CPU %     MEM USAGE / LIMIT   MEM %     NET I/O          BLOCK I/O        PIDS
c0aa5200760a   llama_training_container   6.72%     584.9MiB / 4GiB     14.28%    5.39GB / 109MB   255MB / 5.11GB   10
CONTAINER ID   NAME                       CPU %     MEM USAGE / LIMIT   MEM %     NET I/O          BLOCK I/O        PIDS
c0aa5200760a   llama_training_container   2.43%     586MiB / 4GiB       14.31%    5.61GB / 114MB   255MB / 5.37GB   10
CONTAINER ID   NAME                       CPU %     MEM USAGE / LIMIT   MEM %     NET I/O          BLOCK I/O        PIDS
c0aa5200760a   llama_training_container   3.19%     586MiB / 4GiB       14.31%    5.81GB / 118MB   255MB / 5.55GB   10
CONTAINER ID   NAME                       CPU %     MEM USAGE / LIMIT   MEM %     NET I/O          BLOCK I/O        PIDS
c0aa5200760a   llama_training_container   2.04%     586.8MiB / 4GiB     14.33%    6.09GB / 124MB   255MB / 5.84GB   10
CONTAINER ID   NAME                       CPU %     MEM USAGE / LIMIT   MEM %     NET I/O          BLOCK I/O        PIDS
c0aa5200760a   llama_training_container   4.89%     587.2MiB / 4GiB     14.34%    6.32GB / 129MB   255MB / 6.09GB   10
CONTAINER ID   NAME                       CPU %     MEM USAGE / LIMIT   MEM %     NET I/O          BLOCK I/O        PIDS
c0aa5200760a   llama_training_container   5.45%     588.1MiB / 4GiB     14.36%    6.56GB / 134MB   255MB / 6.31GB   10
CONTAINER ID   NAME                       CPU %     MEM USAGE / LIMIT   MEM %     NET I/O          BLOCK I/O        PIDS
c0aa5200760a   llama_training_container   7.59%     588.1MiB / 4GiB     14.36%    6.83GB / 139MB   255MB / 6.59GB   10
CONTAINER ID   NAME                       CPU %     MEM USAGE / LIMIT   MEM %     NET I/O          BLOCK I/O        PIDS
c0aa5200760a   llama_training_container   4.27%     589.2MiB / 4GiB     14.38%    7.12GB / 145MB   255MB / 6.89GB   10
CONTAINER ID   NAME                       CPU %     MEM USAGE / LIMIT   MEM %     NET I/O          BLOCK I/O        PIDS
c0aa5200760a   llama_training_container   7.73%     589.4MiB / 4GiB     14.39%    7.41GB / 151MB   255MB / 7.04GB   10
CONTAINER ID   NAME                       CPU %     MEM USAGE / LIMIT   MEM %     NET I/O          BLOCK I/O        PIDS
c0aa5200760a   llama_training_container   2.43%     590MiB / 4GiB       14.40%    7.69GB / 157MB   255MB / 7.34GB   10
CONTAINER ID   NAME                       CPU %     MEM USAGE / LIMIT   MEM %     NET I/O          BLOCK I/O        PIDS
c0aa5200760a   llama_training_container   2.83%     590.9MiB / 4GiB     14.43%    7.97GB / 162MB   255MB / 7.62GB   10
CONTAINER ID   NAME                       CPU %     MEM USAGE / LIMIT   MEM %     NET I/O          BLOCK I/O        PIDS
c0aa5200760a   llama_training_container   2.82%     591.3MiB / 4GiB     14.44%    8.22GB / 167MB   255MB / 7.89GB   10
CONTAINER ID   NAME                       CPU %     MEM USAGE / LIMIT   MEM %     NET I/O          BLOCK I/O        PIDS
c0aa5200760a   llama_training_container   3.48%     591.3MiB / 4GiB     14.44%    8.43GB / 172MB   255MB / 8.11GB   10
CONTAINER ID   NAME                       CPU %     MEM USAGE / LIMIT   MEM %     NET I/O          BLOCK I/O        PIDS
c0aa5200760a   llama_training_container   3.74%     591.9MiB / 4GiB     14.45%    8.68GB / 177MB   255MB / 8.36GB   10
CONTAINER ID   NAME                       CPU %     MEM USAGE / LIMIT   MEM %     NET I/O          BLOCK I/O        PIDS
c0aa5200760a   llama_training_container   3.78%     592.9MiB / 4GiB     14.47%    8.94GB / 182MB   255MB / 8.63GB   10
CONTAINER ID   NAME                       CPU %     MEM USAGE / LIMIT   MEM %     NET I/O          BLOCK I/O        PIDS
c0aa5200760a   llama_training_container   4.35%     593.4MiB / 4GiB     14.49%    9.21GB / 188MB   255MB / 8.91GB   10
CONTAINER ID   NAME                       CPU %     MEM USAGE / LIMIT   MEM %     NET I/O          BLOCK I/O        PIDS
c0aa5200760a   llama_training_container   2.01%     593.6MiB / 4GiB     14.49%    9.48GB / 193MB   255MB / 9.04GB   10
CONTAINER ID   NAME                       CPU %     MEM USAGE / LIMIT   MEM %     NET I/O          BLOCK I/O        PIDS
c0aa5200760a   llama_training_container   8.62%     594.1MiB / 4GiB     14.51%    9.74GB / 198MB   255MB / 9.33GB   10
CONTAINER ID   NAME                       CPU %     MEM USAGE / LIMIT   MEM %     NET I/O        BLOCK I/O        PIDS
c0aa5200760a   llama_training_container   2.32%     596MiB / 4GiB       14.55%    10GB / 204MB   255MB / 9.59GB   10
CONTAINER ID   NAME                       CPU %     MEM USAGE / LIMIT   MEM %     NET I/O          BLOCK I/O        PIDS
c0aa5200760a   llama_training_container   3.47%     595.6MiB / 4GiB     14.54%    10.3GB / 209MB   255MB / 9.85GB   10
CONTAINER ID   NAME                       CPU %     MEM USAGE / LIMIT   MEM %     NET I/O          BLOCK I/O        PIDS
c0aa5200760a   llama_training_container   5.21%     596.1MiB / 4GiB     14.55%    10.5GB / 214MB   255MB / 10.1GB   10
CONTAINER ID   NAME                       CPU %     MEM USAGE / LIMIT   MEM %     NET I/O          BLOCK I/O        PIDS
c0aa5200760a   llama_training_container   2.06%     596.5MiB / 4GiB     14.56%    10.8GB / 219MB   255MB / 10.4GB   10
CONTAINER ID   NAME                       CPU %     MEM USAGE / LIMIT   MEM %     NET I/O        BLOCK I/O        PIDS
c0aa5200760a   llama_training_container   0.97%     596.7MiB / 4GiB     14.57%    11GB / 224MB   255MB / 10.6GB   10
CONTAINER ID   NAME                       CPU %     MEM USAGE / LIMIT   MEM %     NET I/O          BLOCK I/O        PIDS
c0aa5200760a   llama_training_container   2.13%     597.3MiB / 4GiB     14.58%    11.1GB / 228MB   255MB / 10.7GB   10
CONTAINER ID   NAME                       CPU %     MEM USAGE / LIMIT   MEM %     NET I/O          BLOCK I/O      PIDS
c0aa5200760a   llama_training_container   3.82%     597.9MiB / 4GiB     14.60%    11.4GB / 233MB   255MB / 11GB   10
CONTAINER ID   NAME                       CPU %     MEM USAGE / LIMIT   MEM %     NET I/O          BLOCK I/O        PIDS
c0aa5200760a   llama_training_container   2.10%     598.4MiB / 4GiB     14.61%    11.6GB / 238MB   255MB / 11.2GB   10
CONTAINER ID   NAME                       CPU %     MEM USAGE / LIMIT   MEM %     NET I/O          BLOCK I/O        PIDS
c0aa5200760a   llama_training_container   2.37%     598.3MiB / 4GiB     14.61%    11.9GB / 243MB   255MB / 11.5GB   10
CONTAINER ID   NAME                       CPU %     MEM USAGE / LIMIT   MEM %     NET I/O          BLOCK I/O        PIDS
c0aa5200760a   llama_training_container   3.31%     599.8MiB / 4GiB     14.64%    12.1GB / 248MB   255MB / 11.7GB   10
CONTAINER ID   NAME                       CPU %     MEM USAGE / LIMIT   MEM %     NET I/O          BLOCK I/O        PIDS
c0aa5200760a   llama_training_container   5.07%     599.7MiB / 4GiB     14.64%    12.4GB / 253MB   255MB / 11.9GB   10
CONTAINER ID   NAME                       CPU %     MEM USAGE / LIMIT   MEM %     NET I/O          BLOCK I/O        PIDS
c0aa5200760a   llama_training_container   5.26%     600MiB / 4GiB       14.65%    12.6GB / 259MB   255MB / 12.1GB   10
CONTAINER ID   NAME                       CPU %     MEM USAGE / LIMIT   MEM %     NET I/O          BLOCK I/O        PIDS
c0aa5200760a   llama_training_container   4.83%     600.4MiB / 4GiB     14.66%    12.9GB / 264MB   255MB / 12.4GB   10
CONTAINER ID   NAME                       CPU %     MEM USAGE / LIMIT   MEM %     NET I/O          BLOCK I/O        PIDS
c0aa5200760a   llama_training_container   6.86%     601.2MiB / 4GiB     14.68%    13.2GB / 269MB   255MB / 12.7GB   10
CONTAINER ID   NAME                       CPU %     MEM USAGE / LIMIT   MEM %     NET I/O          BLOCK I/O      PIDS
c0aa5200760a   llama_training_container   4.03%     602.3MiB / 4GiB     14.71%    13.4GB / 275MB   255MB / 13GB   10
CONTAINER ID   NAME                       CPU %     MEM USAGE / LIMIT   MEM %     NET I/O          BLOCK I/O        PIDS
c0aa5200760a   llama_training_container   4.75%     602.7MiB / 4GiB     14.71%    13.7GB / 280MB   255MB / 13.2GB   10
CONTAINER ID   NAME                       CPU %     MEM USAGE / LIMIT   MEM %     NET I/O        BLOCK I/O        PIDS
c0aa5200760a   llama_training_container   2.90%     603.7MiB / 4GiB     14.74%    14GB / 286MB   255MB / 13.5GB   10
CONTAINER ID   NAME                       CPU %     MEM USAGE / LIMIT   MEM %     NET I/O          BLOCK I/O        PIDS
c0aa5200760a   llama_training_container   3.78%     604.1MiB / 4GiB     14.75%    14.3GB / 292MB   255MB / 13.8GB   10
CONTAINER ID   NAME                       CPU %     MEM USAGE / LIMIT   MEM %     NET I/O          BLOCK I/O        PIDS
c0aa5200760a   llama_training_container   5.45%     605MiB / 4GiB       14.77%    14.6GB / 297MB   255MB / 14.1GB   10
CONTAINER ID   NAME                       CPU %     MEM USAGE / LIMIT   MEM %     NET I/O          BLOCK I/O        PIDS
c0aa5200760a   llama_training_container   10.45%    605.1MiB / 4GiB     14.77%    14.8GB / 303MB   255MB / 14.2GB   10
CONTAINER ID   NAME                       CPU %     MEM USAGE / LIMIT   MEM %     NET I/O          BLOCK I/O        PIDS
c0aa5200760a   llama_training_container   4.25%     605.4MiB / 4GiB     14.78%    15.1GB / 308MB   255MB / 14.5GB   10
CONTAINER ID   NAME                       CPU %     MEM USAGE / LIMIT   MEM %     NET I/O          BLOCK I/O        PIDS
c0aa5200760a   llama_training_container   5.77%     605.6MiB / 4GiB     14.79%    15.4GB / 314MB   255MB / 14.8GB   10
CONTAINER ID   NAME                       CPU %     MEM USAGE / LIMIT   MEM %     NET I/O          BLOCK I/O      PIDS
c0aa5200760a   llama_training_container   3.73%     606.8MiB / 4GiB     14.81%    15.6GB / 319MB   255MB / 15GB   10
CONTAINER ID   NAME                       CPU %     MEM USAGE / LIMIT   MEM %     NET I/O          BLOCK I/O        PIDS
c0aa5200760a   llama_training_container   4.07%     606.7MiB / 4GiB     14.81%    15.9GB / 324MB   255MB / 15.3GB   10
CONTAINER ID   NAME                       CPU %     MEM USAGE / LIMIT   MEM %     NET I/O          BLOCK I/O        PIDS
c0aa5200760a   llama_training_container   3.52%     607.6MiB / 4GiB     14.83%    16.2GB / 330MB   255MB / 15.6GB   10
CONTAINER ID   NAME                       CPU %     MEM USAGE / LIMIT   MEM %     NET I/O          BLOCK I/O        PIDS
c0aa5200760a   llama_training_container   2.87%     608.3MiB / 4GiB     14.85%    16.4GB / 335MB   255MB / 15.8GB   10
CONTAINER ID   NAME                       CPU %     MEM USAGE / LIMIT   MEM %     NET I/O   BLOCK I/O   PIDS
c0aa5200760a   llama_training_container   0.00%     0B / 0B             0.00%     0B / 0B   0B / 0B     0
CONTAINER ID   NAME                       CPU %     MEM USAGE / LIMIT   MEM %     NET I/O        BLOCK I/O    PIDS
5015df508015   llama_training_container   30.19%    378.8MiB / 4GiB     9.25%     9kB / 1.79kB   251MB / 0B   8

Mon Sep  9 11:57:30 AM PKT 2024 - Prompt: scope of datascience
Mon Sep  9 11:57:30 AM PKT 2024 - Docker stats:
CONTAINER ID   NAME                       CPU %     MEM USAGE / LIMIT   MEM %     NET I/O           BLOCK I/O   PIDS
3215f43b6945   llama_training_container   1.88%     175.9MiB / 4GiB     4.29%     70.6kB / 4.43kB   0B / 0B     9

Mon Sep  9 11:58:31 AM PKT 2024 - Docker stats:
CONTAINER ID   NAME                       CPU %     MEM USAGE / LIMIT   MEM %     NET I/O   BLOCK I/O   PIDS
3215f43b6945   llama_training_container   0.00%     0B / 0B             0.00%     0B / 0B   0B / 0B     0

Mon Sep  9 11:59:32 AM PKT 2024 - Docker stats:
CONTAINER ID   NAME                       CPU %     MEM USAGE / LIMIT   MEM %     NET I/O   BLOCK I/O   PIDS
3215f43b6945   llama_training_container   0.00%     0B / 0B             0.00%     0B / 0B   0B / 0B     0

Mon Sep  9 11:59:48 AM PKT 2024 - Prompt: scope of datascience
Mon Sep  9 11:59:48 AM PKT 2024 - Docker stats:
CONTAINER ID   NAME                       CPU %     MEM USAGE / LIMIT   MEM %     NET I/O          BLOCK I/O    PIDS
7cb6081db6f5   llama_training_container   8.26%     176.2MiB / 4GiB     4.30%     9.43MB / 176kB   0B / 618kB   9

Mon Sep  9 12:00:33 PM PKT 2024 - Docker stats:
CONTAINER ID   NAME                       CPU %     MEM USAGE / LIMIT   MEM %     NET I/O          BLOCK I/O    PIDS
7cb6081db6f5   llama_training_container   3.87%     279.2MiB / 4GiB     6.82%     194MB / 3.76MB   0B / 167MB   10

Mon Sep  9 12:00:49 PM PKT 2024 - Docker stats:
CONTAINER ID   NAME                       CPU %     MEM USAGE / LIMIT   MEM %     NET I/O          BLOCK I/O    PIDS
7cb6081db6f5   llama_training_container   9.02%     280.4MiB / 4GiB     6.84%     272MB / 5.26MB   0B / 167MB   10

Mon Sep  9 12:01:34 PM PKT 2024 - Docker stats:
CONTAINER ID   NAME                       CPU %     MEM USAGE / LIMIT   MEM %     NET I/O          BLOCK I/O    PIDS
7cb6081db6f5   llama_training_container   6.57%     285.9MiB / 4GiB     6.98%     466MB / 9.04MB   0B / 450MB   10

Mon Sep  9 12:01:51 PM PKT 2024 - Docker stats:
CONTAINER ID   NAME                       CPU %     MEM USAGE / LIMIT   MEM %     NET I/O          BLOCK I/O    PIDS
7cb6081db6f5   llama_training_container   2.30%     288.1MiB / 4GiB     7.03%     535MB / 10.4MB   0B / 450MB   10

Mon Sep  9 12:02:36 PM PKT 2024 - Docker stats:
CONTAINER ID   NAME                       CPU %     MEM USAGE / LIMIT   MEM %     NET I/O        BLOCK I/O    PIDS
7cb6081db6f5   llama_training_container   3.39%     292.9MiB / 4GiB     7.15%     714MB / 14MB   0B / 586MB   10

Mon Sep  9 12:02:52 PM PKT 2024 - Docker stats:
CONTAINER ID   NAME                       CPU %     MEM USAGE / LIMIT   MEM %     NET I/O          BLOCK I/O    PIDS
7cb6081db6f5   llama_training_container   3.70%     295MiB / 4GiB       7.20%     791MB / 15.6MB   0B / 712MB   10

Mon Sep  9 12:03:37 PM PKT 2024 - Docker stats:
CONTAINER ID   NAME                       CPU %     MEM USAGE / LIMIT   MEM %     NET I/O          BLOCK I/O    PIDS
7cb6081db6f5   llama_training_container   7.26%     300.3MiB / 4GiB     7.33%     991MB / 19.4MB   0B / 859MB   10

Mon Sep  9 12:03:54 PM PKT 2024 - Docker stats:
CONTAINER ID   NAME                       CPU %     MEM USAGE / LIMIT   MEM %     NET I/O           BLOCK I/O    PIDS
7cb6081db6f5   llama_training_container   3.65%     302.7MiB / 4GiB     7.39%     1.07GB / 20.9MB   0B / 995MB   10

Mon Sep  9 12:04:39 PM PKT 2024 - Docker stats:
CONTAINER ID   NAME                       CPU %     MEM USAGE / LIMIT   MEM %     NET I/O           BLOCK I/O     PIDS
7cb6081db6f5   llama_training_container   2.04%     308.5MiB / 4GiB     7.53%     1.26GB / 24.7MB   0B / 1.13GB   10

Mon Sep  9 12:04:55 PM PKT 2024 - Docker stats:
CONTAINER ID   NAME                       CPU %     MEM USAGE / LIMIT   MEM %     NET I/O           BLOCK I/O     PIDS
7cb6081db6f5   llama_training_container   1.85%     309.6MiB / 4GiB     7.56%     1.34GB / 26.2MB   0B / 1.27GB   10

Mon Sep  9 12:05:40 PM PKT 2024 - Docker stats:
CONTAINER ID   NAME                       CPU %     MEM USAGE / LIMIT   MEM %     NET I/O         BLOCK I/O     PIDS
7cb6081db6f5   llama_training_container   3.38%     315.1MiB / 4GiB     7.69%     1.53GB / 30MB   0B / 1.39GB   10

Mon Sep  9 12:05:57 PM PKT 2024 - Docker stats:
CONTAINER ID   NAME                       CPU %     MEM USAGE / LIMIT   MEM %     NET I/O          BLOCK I/O     PIDS
7cb6081db6f5   llama_training_container   5.87%     316.4MiB / 4GiB     7.73%     1.6GB / 31.5MB   0B / 1.53GB   10

Mon Sep  9 12:06:42 PM PKT 2024 - Docker stats:
CONTAINER ID   NAME                       CPU %     MEM USAGE / LIMIT   MEM %     NET I/O           BLOCK I/O     PIDS
7cb6081db6f5   llama_training_container   1.69%     322.2MiB / 4GiB     7.87%     1.78GB / 35.2MB   0B / 1.67GB   10

Mon Sep  9 12:06:58 PM PKT 2024 - Docker stats:
CONTAINER ID   NAME                       CPU %     MEM USAGE / LIMIT   MEM %     NET I/O           BLOCK I/O     PIDS
7cb6081db6f5   llama_training_container   3.37%     324.5MiB / 4GiB     7.92%     1.86GB / 36.7MB   0B / 1.67GB   10

Mon Sep  9 12:07:43 PM PKT 2024 - Docker stats:
CONTAINER ID   NAME                       CPU %     MEM USAGE / LIMIT   MEM %     NET I/O           BLOCK I/O     PIDS
7cb6081db6f5   llama_training_container   3.56%     329.7MiB / 4GiB     8.05%     2.06GB / 40.6MB   0B / 1.95GB   10

Mon Sep  9 12:08:00 PM PKT 2024 - Docker stats:
CONTAINER ID   NAME                       CPU %     MEM USAGE / LIMIT   MEM %     NET I/O         BLOCK I/O     PIDS
7cb6081db6f5   llama_training_container   5.19%     332.2MiB / 4GiB     8.11%     2.14GB / 42MB   0B / 1.95GB   10

Mon Sep  9 12:08:45 PM PKT 2024 - Docker stats:
CONTAINER ID   NAME                       CPU %     MEM USAGE / LIMIT   MEM %     NET I/O           BLOCK I/O     PIDS
7cb6081db6f5   llama_training_container   2.40%     337.3MiB / 4GiB     8.23%     2.32GB / 45.6MB   0B / 2.23GB   10

Mon Sep  9 12:09:01 PM PKT 2024 - Docker stats:
CONTAINER ID   NAME                       CPU %     MEM USAGE / LIMIT   MEM %     NET I/O         BLOCK I/O     PIDS
7cb6081db6f5   llama_training_container   2.71%     339.4MiB / 4GiB     8.29%     2.39GB / 47MB   0B / 2.23GB   10

Mon Sep  9 12:09:46 PM PKT 2024 - Docker stats:
CONTAINER ID   NAME                       CPU %     MEM USAGE / LIMIT   MEM %     NET I/O           BLOCK I/O     PIDS
7cb6081db6f5   llama_training_container   2.20%     343.6MiB / 4GiB     8.39%     2.58GB / 50.8MB   0B / 2.37GB   10

Mon Sep  9 12:10:03 PM PKT 2024 - Docker stats:
CONTAINER ID   NAME                       CPU %     MEM USAGE / LIMIT   MEM %     NET I/O           BLOCK I/O     PIDS
7cb6081db6f5   llama_training_container   1.84%     346.1MiB / 4GiB     8.45%     2.65GB / 52.1MB   0B / 2.51GB   10

Mon Sep  9 12:10:48 PM PKT 2024 - Docker stats:
CONTAINER ID   NAME                       CPU %     MEM USAGE / LIMIT   MEM %     NET I/O           BLOCK I/O     PIDS
7cb6081db6f5   llama_training_container   2.54%     351.3MiB / 4GiB     8.58%     2.83GB / 55.9MB   0B / 2.63GB   10

Mon Sep  9 12:11:04 PM PKT 2024 - Docker stats:
CONTAINER ID   NAME                       CPU %     MEM USAGE / LIMIT   MEM %     NET I/O           BLOCK I/O     PIDS
7cb6081db6f5   llama_training_container   2.40%     353MiB / 4GiB       8.62%     2.91GB / 57.4MB   0B / 2.77GB   10

Mon Sep  9 12:11:49 PM PKT 2024 - Docker stats:
CONTAINER ID   NAME                       CPU %     MEM USAGE / LIMIT   MEM %     NET I/O           BLOCK I/O     PIDS
7cb6081db6f5   llama_training_container   2.96%     358.5MiB / 4GiB     8.75%     3.12GB / 61.4MB   0B / 2.91GB   10

Mon Sep  9 12:12:06 PM PKT 2024 - Docker stats:
CONTAINER ID   NAME                       CPU %     MEM USAGE / LIMIT   MEM %     NET I/O           BLOCK I/O     PIDS
7cb6081db6f5   llama_training_container   10.51%    360.5MiB / 4GiB     8.80%     3.19GB / 62.9MB   0B / 3.06GB   10

Mon Sep  9 12:12:51 PM PKT 2024 - Docker stats:
CONTAINER ID   NAME                       CPU %     MEM USAGE / LIMIT   MEM %     NET I/O           BLOCK I/O    PIDS
7cb6081db6f5   llama_training_container   6.68%     366.4MiB / 4GiB     8.94%     3.39GB / 66.7MB   0B / 3.2GB   10

Mon Sep  9 12:13:07 PM PKT 2024 - Docker stats:
CONTAINER ID   NAME                       CPU %     MEM USAGE / LIMIT   MEM %     NET I/O           BLOCK I/O     PIDS
7cb6081db6f5   llama_training_container   1.71%     367.9MiB / 4GiB     8.98%     3.46GB / 68.1MB   0B / 3.34GB   10

Mon Sep  9 12:13:52 PM PKT 2024 - Docker stats:
CONTAINER ID   NAME                       CPU %     MEM USAGE / LIMIT   MEM %     NET I/O           BLOCK I/O     PIDS
7cb6081db6f5   llama_training_container   2.15%     372.9MiB / 4GiB     9.10%     3.65GB / 71.9MB   0B / 3.48GB   10

Mon Sep  9 12:14:09 PM PKT 2024 - Docker stats:
CONTAINER ID   NAME                       CPU %     MEM USAGE / LIMIT   MEM %     NET I/O           BLOCK I/O     PIDS
7cb6081db6f5   llama_training_container   4.25%     375.1MiB / 4GiB     9.16%     3.72GB / 73.4MB   0B / 3.48GB   10

Mon Sep  9 12:14:54 PM PKT 2024 - Docker stats:
CONTAINER ID   NAME                       CPU %     MEM USAGE / LIMIT   MEM %     NET I/O          BLOCK I/O     PIDS
7cb6081db6f5   llama_training_container   1.80%     380.1MiB / 4GiB     9.28%     3.9GB / 77.2MB   0B / 3.73GB   10

Mon Sep  9 12:15:11 PM PKT 2024 - Docker stats:
CONTAINER ID   NAME                       CPU %     MEM USAGE / LIMIT   MEM %     NET I/O           BLOCK I/O     PIDS
7cb6081db6f5   llama_training_container   2.21%     382.6MiB / 4GiB     9.34%     3.98GB / 78.7MB   0B / 3.73GB   10

Mon Sep  9 12:15:56 PM PKT 2024 - Docker stats:
CONTAINER ID   NAME                       CPU %     MEM USAGE / LIMIT   MEM %     NET I/O           BLOCK I/O   PIDS
7cb6081db6f5   llama_training_container   3.30%     383.9MiB / 4GiB     9.37%     4.17GB / 82.5MB   0B / 4GB    10

Mon Sep  9 12:16:12 PM PKT 2024 - Docker stats:
CONTAINER ID   NAME                       CPU %     MEM USAGE / LIMIT   MEM %     NET I/O         BLOCK I/O   PIDS
7cb6081db6f5   llama_training_container   5.18%     383.9MiB / 4GiB     9.37%     4.25GB / 84MB   0B / 4GB    10

Mon Sep  9 12:16:57 PM PKT 2024 - Docker stats:
CONTAINER ID   NAME                       CPU %     MEM USAGE / LIMIT   MEM %     NET I/O           BLOCK I/O     PIDS
7cb6081db6f5   llama_training_container   1.81%     384.6MiB / 4GiB     9.39%     4.44GB / 87.8MB   0B / 4.28GB   10

Mon Sep  9 12:17:14 PM PKT 2024 - Docker stats:
CONTAINER ID   NAME                       CPU %     MEM USAGE / LIMIT   MEM %     NET I/O           BLOCK I/O     PIDS
7cb6081db6f5   llama_training_container   2.08%     384.9MiB / 4GiB     9.40%     4.51GB / 89.3MB   0B / 4.28GB   10

Mon Sep  9 12:17:59 PM PKT 2024 - Docker stats:
CONTAINER ID   NAME                       CPU %     MEM USAGE / LIMIT   MEM %     NET I/O           BLOCK I/O     PIDS
7cb6081db6f5   llama_training_container   2.19%     385.1MiB / 4GiB     9.40%     4.72GB / 93.3MB   0B / 4.42GB   10

Mon Sep  9 12:18:15 PM PKT 2024 - Docker stats:
CONTAINER ID   NAME                       CPU %     MEM USAGE / LIMIT   MEM %     NET I/O           BLOCK I/O     PIDS
7cb6081db6f5   llama_training_container   2.36%     384.8MiB / 4GiB     9.39%     4.79GB / 94.7MB   0B / 4.57GB   10

Mon Sep  9 12:19:00 PM PKT 2024 - Docker stats:
CONTAINER ID   NAME                       CPU %     MEM USAGE / LIMIT   MEM %     NET I/O           BLOCK I/O    PIDS
7cb6081db6f5   llama_training_container   5.67%     385MiB / 4GiB       9.40%     4.97GB / 98.4MB   0B / 4.7GB   10

Mon Sep  9 12:19:17 PM PKT 2024 - Docker stats:
CONTAINER ID   NAME                       CPU %     MEM USAGE / LIMIT   MEM %     NET I/O           BLOCK I/O     PIDS
7cb6081db6f5   llama_training_container   3.80%     386.1MiB / 4GiB     9.43%     5.05GB / 99.9MB   0B / 4.82GB   10

Mon Sep  9 12:20:02 PM PKT 2024 - Docker stats:
CONTAINER ID   NAME                       CPU %     MEM USAGE / LIMIT   MEM %     NET I/O          BLOCK I/O     PIDS
7cb6081db6f5   llama_training_container   3.92%     386.8MiB / 4GiB     9.44%     5.25GB / 104MB   0B / 4.96GB   10

Mon Sep  9 12:20:18 PM PKT 2024 - Docker stats:
CONTAINER ID   NAME                       CPU %     MEM USAGE / LIMIT   MEM %     NET I/O          BLOCK I/O     PIDS
7cb6081db6f5   llama_training_container   4.53%     386.7MiB / 4GiB     9.44%     5.32GB / 105MB   0B / 5.13GB   10

Mon Sep  9 12:21:03 PM PKT 2024 - Docker stats:
CONTAINER ID   NAME                       CPU %     MEM USAGE / LIMIT   MEM %     NET I/O          BLOCK I/O     PIDS
7cb6081db6f5   llama_training_container   6.39%     386.8MiB / 4GiB     9.44%     5.49GB / 109MB   0B / 5.25GB   10

Mon Sep  9 12:21:20 PM PKT 2024 - Docker stats:
CONTAINER ID   NAME                       CPU %     MEM USAGE / LIMIT   MEM %     NET I/O          BLOCK I/O     PIDS
7cb6081db6f5   llama_training_container   2.68%     387.1MiB / 4GiB     9.45%     5.55GB / 110MB   0B / 5.36GB   10

Mon Sep  9 12:22:05 PM PKT 2024 - Docker stats:
CONTAINER ID   NAME                       CPU %     MEM USAGE / LIMIT   MEM %     NET I/O          BLOCK I/O     PIDS
7cb6081db6f5   llama_training_container   3.09%     387.3MiB / 4GiB     9.46%     5.72GB / 114MB   0B / 5.48GB   10

Mon Sep  9 12:22:21 PM PKT 2024 - Docker stats:
CONTAINER ID   NAME                       CPU %     MEM USAGE / LIMIT   MEM %     NET I/O          BLOCK I/O     PIDS
7cb6081db6f5   llama_training_container   7.43%     387.9MiB / 4GiB     9.47%     5.79GB / 115MB   0B / 5.48GB   10

Mon Sep  9 12:23:06 PM PKT 2024 - Docker stats:
CONTAINER ID   NAME                       CPU %     MEM USAGE / LIMIT   MEM %     NET I/O          BLOCK I/O     PIDS
7cb6081db6f5   llama_training_container   8.20%     387.5MiB / 4GiB     9.46%     5.96GB / 119MB   0B / 5.72GB   10

Mon Sep  9 12:23:23 PM PKT 2024 - Docker stats:
CONTAINER ID   NAME                       CPU %     MEM USAGE / LIMIT   MEM %     NET I/O          BLOCK I/O     PIDS
7cb6081db6f5   llama_training_container   2.79%     388.1MiB / 4GiB     9.47%     6.03GB / 120MB   0B / 5.72GB   10

Mon Sep  9 12:24:08 PM PKT 2024 - Docker stats:
CONTAINER ID   NAME                       CPU %     MEM USAGE / LIMIT   MEM %     NET I/O          BLOCK I/O   PIDS
7cb6081db6f5   llama_training_container   3.14%     388.7MiB / 4GiB     9.49%     6.24GB / 124MB   0B / 6GB    10

Mon Sep  9 12:24:24 PM PKT 2024 - Docker stats:
CONTAINER ID   NAME                       CPU %     MEM USAGE / LIMIT   MEM %     NET I/O          BLOCK I/O   PIDS
7cb6081db6f5   llama_training_container   1.92%     389.3MiB / 4GiB     9.50%     6.32GB / 126MB   0B / 6GB    10

Mon Sep  9 12:25:09 PM PKT 2024 - Docker stats:
CONTAINER ID   NAME                       CPU %     MEM USAGE / LIMIT   MEM %     NET I/O          BLOCK I/O    PIDS
7cb6081db6f5   llama_training_container   3.38%     389.3MiB / 4GiB     9.50%     6.53GB / 130MB   0B / 6.3GB   10

Mon Sep  9 12:25:26 PM PKT 2024 - Docker stats:
CONTAINER ID   NAME                       CPU %     MEM USAGE / LIMIT   MEM %     NET I/O         BLOCK I/O    PIDS
7cb6081db6f5   llama_training_container   4.15%     389.7MiB / 4GiB     9.51%     6.6GB / 131MB   0B / 6.3GB   10

Mon Sep  9 12:26:11 PM PKT 2024 - Docker stats:
CONTAINER ID   NAME                       CPU %     MEM USAGE / LIMIT   MEM %     NET I/O         BLOCK I/O     PIDS
7cb6081db6f5   llama_training_container   5.06%     390.1MiB / 4GiB     9.52%     6.8GB / 135MB   0B / 6.57GB   10

Mon Sep  9 12:26:27 PM PKT 2024 - Docker stats:
CONTAINER ID   NAME                       CPU %     MEM USAGE / LIMIT   MEM %     NET I/O          BLOCK I/O     PIDS
7cb6081db6f5   llama_training_container   3.26%     390.2MiB / 4GiB     9.53%     6.87GB / 137MB   0B / 6.57GB   10

Mon Sep  9 12:27:12 PM PKT 2024 - Docker stats:
CONTAINER ID   NAME                       CPU %     MEM USAGE / LIMIT   MEM %     NET I/O          BLOCK I/O     PIDS
7cb6081db6f5   llama_training_container   2.86%     390.4MiB / 4GiB     9.53%     7.09GB / 141MB   0B / 6.72GB   10

Mon Sep  9 12:27:29 PM PKT 2024 - Docker stats:
CONTAINER ID   NAME                       CPU %     MEM USAGE / LIMIT   MEM %     NET I/O          BLOCK I/O     PIDS
7cb6081db6f5   llama_training_container   5.51%     390.1MiB / 4GiB     9.52%     7.16GB / 142MB   0B / 6.86GB   10

Mon Sep  9 12:28:14 PM PKT 2024 - Docker stats:
CONTAINER ID   NAME                       CPU %     MEM USAGE / LIMIT   MEM %     NET I/O          BLOCK I/O     PIDS
7cb6081db6f5   llama_training_container   5.61%     390.7MiB / 4GiB     9.54%     7.37GB / 146MB   0B / 7.01GB   10

Mon Sep  9 12:28:30 PM PKT 2024 - Docker stats:
CONTAINER ID   NAME                       CPU %     MEM USAGE / LIMIT   MEM %     NET I/O          BLOCK I/O     PIDS
7cb6081db6f5   llama_training_container   2.54%     390.8MiB / 4GiB     9.54%     7.45GB / 148MB   0B / 7.16GB   10

Mon Sep  9 12:29:15 PM PKT 2024 - Docker stats:
CONTAINER ID   NAME                       CPU %     MEM USAGE / LIMIT   MEM %     NET I/O          BLOCK I/O    PIDS
7cb6081db6f5   llama_training_container   4.09%     389.8MiB / 4GiB     9.52%     7.66GB / 152MB   0B / 7.3GB   10

Mon Sep  9 12:29:32 PM PKT 2024 - Docker stats:
CONTAINER ID   NAME                       CPU %     MEM USAGE / LIMIT   MEM %     NET I/O          BLOCK I/O     PIDS
7cb6081db6f5   llama_training_container   1.82%     392.2MiB / 4GiB     9.57%     7.73GB / 153MB   0B / 7.45GB   10

Mon Sep  9 12:30:17 PM PKT 2024 - Docker stats:
CONTAINER ID   NAME                       CPU %     MEM USAGE / LIMIT   MEM %     NET I/O          BLOCK I/O     PIDS
7cb6081db6f5   llama_training_container   2.41%     392.1MiB / 4GiB     9.57%     7.93GB / 157MB   0B / 7.59GB   10

Mon Sep  9 12:30:33 PM PKT 2024 - Docker stats:
CONTAINER ID   NAME                       CPU %     MEM USAGE / LIMIT   MEM %     NET I/O       BLOCK I/O     PIDS
7cb6081db6f5   llama_training_container   3.67%     392.6MiB / 4GiB     9.59%     8GB / 159MB   0B / 7.72GB   10

Mon Sep  9 12:31:18 PM PKT 2024 - Docker stats:
CONTAINER ID   NAME                       CPU %     MEM USAGE / LIMIT   MEM %     NET I/O          BLOCK I/O     PIDS
7cb6081db6f5   llama_training_container   3.13%     392.5MiB / 4GiB     9.58%     8.21GB / 163MB   0B / 7.87GB   10

Mon Sep  9 12:31:35 PM PKT 2024 - Docker stats:
CONTAINER ID   NAME                       CPU %     MEM USAGE / LIMIT   MEM %     NET I/O          BLOCK I/O     PIDS
7cb6081db6f5   llama_training_container   1.70%     393.1MiB / 4GiB     9.60%     8.28GB / 164MB   0B / 8.02GB   10

Mon Sep  9 12:32:20 PM PKT 2024 - Docker stats:
CONTAINER ID   NAME                       CPU %     MEM USAGE / LIMIT   MEM %     NET I/O          BLOCK I/O     PIDS
7cb6081db6f5   llama_training_container   3.00%     392.9MiB / 4GiB     9.59%     8.49GB / 168MB   0B / 8.16GB   10

Mon Sep  9 12:32:37 PM PKT 2024 - Docker stats:
CONTAINER ID   NAME                       CPU %     MEM USAGE / LIMIT   MEM %     NET I/O          BLOCK I/O     PIDS
7cb6081db6f5   llama_training_container   4.43%     393.6MiB / 4GiB     9.61%     8.57GB / 170MB   0B / 8.16GB   10

Mon Sep  9 12:33:22 PM PKT 2024 - Docker stats:
CONTAINER ID   NAME                       CPU %     MEM USAGE / LIMIT   MEM %     NET I/O          BLOCK I/O     PIDS
7cb6081db6f5   llama_training_container   2.58%     394.2MiB / 4GiB     9.62%     8.78GB / 174MB   0B / 8.46GB   10

Mon Sep  9 12:33:38 PM PKT 2024 - Docker stats:
CONTAINER ID   NAME                       CPU %     MEM USAGE / LIMIT   MEM %     NET I/O          BLOCK I/O     PIDS
7cb6081db6f5   llama_training_container   4.68%     394.3MiB / 4GiB     9.63%     8.86GB / 175MB   0B / 8.46GB   10

Mon Sep  9 12:34:23 PM PKT 2024 - Docker stats:
CONTAINER ID   NAME                       CPU %     MEM USAGE / LIMIT   MEM %     NET I/O          BLOCK I/O     PIDS
7cb6081db6f5   llama_training_container   2.84%     394.3MiB / 4GiB     9.63%     9.07GB / 180MB   0B / 8.75GB   10

Mon Sep  9 12:34:40 PM PKT 2024 - Docker stats:
CONTAINER ID   NAME                       CPU %     MEM USAGE / LIMIT   MEM %     NET I/O          BLOCK I/O     PIDS
7cb6081db6f5   llama_training_container   2.09%     395MiB / 4GiB       9.64%     9.15GB / 181MB   0B / 8.75GB   10

Mon Sep  9 12:35:25 PM PKT 2024 - Docker stats:
CONTAINER ID   NAME                       CPU %     MEM USAGE / LIMIT   MEM %     NET I/O          BLOCK I/O     PIDS
7cb6081db6f5   llama_training_container   3.09%     395.6MiB / 4GiB     9.66%     9.36GB / 185MB   0B / 9.03GB   10

Mon Sep  9 12:35:41 PM PKT 2024 - Docker stats:
CONTAINER ID   NAME                       CPU %     MEM USAGE / LIMIT   MEM %     NET I/O          BLOCK I/O     PIDS
7cb6081db6f5   llama_training_container   6.48%     395.6MiB / 4GiB     9.66%     9.44GB / 187MB   0B / 9.03GB   10

Mon Sep  9 12:36:26 PM PKT 2024 - Docker stats:
CONTAINER ID   NAME                       CPU %     MEM USAGE / LIMIT   MEM %     NET I/O          BLOCK I/O     PIDS
7cb6081db6f5   llama_training_container   3.62%     395.7MiB / 4GiB     9.66%     9.63GB / 191MB   0B / 9.31GB   10

Mon Sep  9 12:36:43 PM PKT 2024 - Docker stats:
CONTAINER ID   NAME                       CPU %     MEM USAGE / LIMIT   MEM %     NET I/O         BLOCK I/O     PIDS
7cb6081db6f5   llama_training_container   4.01%     395.6MiB / 4GiB     9.66%     9.7GB / 192MB   0B / 9.31GB   10

Mon Sep  9 12:37:28 PM PKT 2024 - Docker stats:
CONTAINER ID   NAME                       CPU %     MEM USAGE / LIMIT   MEM %     NET I/O          BLOCK I/O     PIDS
7cb6081db6f5   llama_training_container   4.22%     396.4MiB / 4GiB     9.68%     9.91GB / 196MB   0B / 9.47GB   10

Mon Sep  9 12:37:44 PM PKT 2024 - Docker stats:
CONTAINER ID   NAME                       CPU %     MEM USAGE / LIMIT   MEM %     NET I/O          BLOCK I/O    PIDS
7cb6081db6f5   llama_training_container   3.51%     396.5MiB / 4GiB     9.68%     9.99GB / 198MB   0B / 9.6GB   10

Mon Sep  9 12:38:29 PM PKT 2024 - Docker stats:
CONTAINER ID   NAME                       CPU %     MEM USAGE / LIMIT   MEM %     NET I/O          BLOCK I/O     PIDS
7cb6081db6f5   llama_training_container   2.79%     396.9MiB / 4GiB     9.69%     10.2GB / 202MB   0B / 9.75GB   10

Mon Sep  9 12:38:46 PM PKT 2024 - Docker stats:
CONTAINER ID   NAME                       CPU %     MEM USAGE / LIMIT   MEM %     NET I/O          BLOCK I/O     PIDS
7cb6081db6f5   llama_training_container   2.89%     396.6MiB / 4GiB     9.68%     10.3GB / 203MB   0B / 9.89GB   10

Mon Sep  9 12:39:31 PM PKT 2024 - Docker stats:
CONTAINER ID   NAME                       CPU %     MEM USAGE / LIMIT   MEM %     NET I/O          BLOCK I/O     PIDS
7cb6081db6f5   llama_training_container   1.94%     397.2MiB / 4GiB     9.70%     10.4GB / 207MB   0B / 9.99GB   10

Mon Sep  9 12:39:47 PM PKT 2024 - Docker stats:
CONTAINER ID   NAME                       CPU %     MEM USAGE / LIMIT   MEM %     NET I/O          BLOCK I/O     PIDS
7cb6081db6f5   llama_training_container   4.08%     397.2MiB / 4GiB     9.70%     10.5GB / 208MB   0B / 10.1GB   10

Mon Sep  9 12:40:32 PM PKT 2024 - Docker stats:
CONTAINER ID   NAME                       CPU %     MEM USAGE / LIMIT   MEM %     NET I/O          BLOCK I/O     PIDS
7cb6081db6f5   llama_training_container   5.38%     397.2MiB / 4GiB     9.70%     10.7GB / 212MB   0B / 10.2GB   10

Mon Sep  9 12:40:49 PM PKT 2024 - Docker stats:
CONTAINER ID   NAME                       CPU %     MEM USAGE / LIMIT   MEM %     NET I/O          BLOCK I/O     PIDS
7cb6081db6f5   llama_training_container   3.63%     397.9MiB / 4GiB     9.72%     10.7GB / 213MB   0B / 10.3GB   10

Mon Sep  9 12:41:34 PM PKT 2024 - Docker stats:
CONTAINER ID   NAME                       CPU %     MEM USAGE / LIMIT   MEM %     NET I/O          BLOCK I/O     PIDS
7cb6081db6f5   llama_training_container   4.78%     398.1MiB / 4GiB     9.72%     10.9GB / 217MB   0B / 10.5GB   10

Mon Sep  9 12:41:50 PM PKT 2024 - Docker stats:
CONTAINER ID   NAME                       CPU %     MEM USAGE / LIMIT   MEM %     NET I/O        BLOCK I/O     PIDS
7cb6081db6f5   llama_training_container   3.87%     398.8MiB / 4GiB     9.74%     11GB / 219MB   0B / 10.6GB   10

Mon Sep  9 12:42:35 PM PKT 2024 - Docker stats:
CONTAINER ID   NAME                       CPU %     MEM USAGE / LIMIT   MEM %     NET I/O          BLOCK I/O     PIDS
7cb6081db6f5   llama_training_container   3.11%     399.4MiB / 4GiB     9.75%     11.2GB / 223MB   0B / 10.7GB   10

Mon Sep  9 12:42:52 PM PKT 2024 - Docker stats:
CONTAINER ID   NAME                       CPU %     MEM USAGE / LIMIT   MEM %     NET I/O          BLOCK I/O     PIDS
7cb6081db6f5   llama_training_container   2.77%     398.5MiB / 4GiB     9.73%     11.3GB / 224MB   0B / 10.9GB   10

Mon Sep  9 12:43:37 PM PKT 2024 - Docker stats:
CONTAINER ID   NAME                       CPU %     MEM USAGE / LIMIT   MEM %     NET I/O          BLOCK I/O   PIDS
7cb6081db6f5   llama_training_container   3.21%     399.7MiB / 4GiB     9.76%     11.5GB / 228MB   0B / 11GB   10

Mon Sep  9 12:43:53 PM PKT 2024 - Docker stats:
CONTAINER ID   NAME                       CPU %     MEM USAGE / LIMIT   MEM %     NET I/O          BLOCK I/O     PIDS
7cb6081db6f5   llama_training_container   4.02%     399.3MiB / 4GiB     9.75%     11.5GB / 230MB   0B / 11.2GB   10

Mon Sep  9 12:44:38 PM PKT 2024 - Docker stats:
CONTAINER ID   NAME                       CPU %     MEM USAGE / LIMIT   MEM %     NET I/O          BLOCK I/O     PIDS
7cb6081db6f5   llama_training_container   1.93%     400.2MiB / 4GiB     9.77%     11.8GB / 234MB   0B / 11.3GB   10

Mon Sep  9 12:44:55 PM PKT 2024 - Docker stats:
CONTAINER ID   NAME                       CPU %     MEM USAGE / LIMIT   MEM %     NET I/O          BLOCK I/O     PIDS
7cb6081db6f5   llama_training_container   4.29%     400.1MiB / 4GiB     9.77%     11.8GB / 236MB   0B / 11.3GB   10

Mon Sep  9 12:45:40 PM PKT 2024 - Docker stats:
CONTAINER ID   NAME                       CPU %     MEM USAGE / LIMIT   MEM %     NET I/O          BLOCK I/O     PIDS
7cb6081db6f5   llama_training_container   2.77%     400.9MiB / 4GiB     9.79%     12.1GB / 240MB   0B / 11.6GB   10

Mon Sep  9 12:45:56 PM PKT 2024 - Docker stats:
CONTAINER ID   NAME                       CPU %     MEM USAGE / LIMIT   MEM %     NET I/O          BLOCK I/O     PIDS
7cb6081db6f5   llama_training_container   2.28%     401MiB / 4GiB       9.79%     12.1GB / 241MB   0B / 11.6GB   10

Mon Sep  9 12:46:41 PM PKT 2024 - Docker stats:
CONTAINER ID   NAME                       CPU %     MEM USAGE / LIMIT   MEM %     NET I/O          BLOCK I/O     PIDS
7cb6081db6f5   llama_training_container   3.63%     401.1MiB / 4GiB     9.79%     12.3GB / 246MB   0B / 11.9GB   10

Mon Sep  9 12:46:58 PM PKT 2024 - Docker stats:
CONTAINER ID   NAME                       CPU %     MEM USAGE / LIMIT   MEM %     NET I/O          BLOCK I/O     PIDS
7cb6081db6f5   llama_training_container   3.57%     401.2MiB / 4GiB     9.79%     12.4GB / 247MB   0B / 11.9GB   10

Mon Sep  9 12:47:43 PM PKT 2024 - Docker stats:
CONTAINER ID   NAME                       CPU %     MEM USAGE / LIMIT   MEM %     NET I/O          BLOCK I/O     PIDS
7cb6081db6f5   llama_training_container   6.20%     402MiB / 4GiB       9.81%     12.6GB / 251MB   0B / 12.2GB   10

Mon Sep  9 12:48:00 PM PKT 2024 - Docker stats:
CONTAINER ID   NAME                       CPU %     MEM USAGE / LIMIT   MEM %     NET I/O          BLOCK I/O     PIDS
7cb6081db6f5   llama_training_container   4.08%     402.8MiB / 4GiB     9.84%     12.7GB / 253MB   0B / 12.2GB   10

Mon Sep  9 12:48:44 PM PKT 2024 - Docker stats:
CONTAINER ID   NAME                       CPU %     MEM USAGE / LIMIT   MEM %     NET I/O          BLOCK I/O     PIDS
7cb6081db6f5   llama_training_container   4.09%     402.5MiB / 4GiB     9.83%     12.9GB / 257MB   0B / 12.5GB   10

Mon Sep  9 12:49:01 PM PKT 2024 - Docker stats:
CONTAINER ID   NAME                       CPU %     MEM USAGE / LIMIT   MEM %     NET I/O        BLOCK I/O     PIDS
7cb6081db6f5   llama_training_container   2.75%     402.6MiB / 4GiB     9.83%     13GB / 258MB   0B / 12.5GB   10

Mon Sep  9 12:49:46 PM PKT 2024 - Docker stats:
CONTAINER ID   NAME                       CPU %     MEM USAGE / LIMIT   MEM %     NET I/O          BLOCK I/O     PIDS
7cb6081db6f5   llama_training_container   1.33%     402.7MiB / 4GiB     9.83%     13.1GB / 262MB   0B / 12.6GB   10

Mon Sep  9 12:50:03 PM PKT 2024 - Docker stats:
CONTAINER ID   NAME                       CPU %     MEM USAGE / LIMIT   MEM %     NET I/O          BLOCK I/O     PIDS
7cb6081db6f5   llama_training_container   2.99%     403.2MiB / 4GiB     9.84%     13.2GB / 263MB   0B / 12.7GB   10

Mon Sep  9 12:50:48 PM PKT 2024 - Docker stats:
CONTAINER ID   NAME                       CPU %     MEM USAGE / LIMIT   MEM %     NET I/O          BLOCK I/O     PIDS
7cb6081db6f5   llama_training_container   2.09%     403.3MiB / 4GiB     9.85%     13.4GB / 267MB   0B / 12.8GB   10

Mon Sep  9 12:51:04 PM PKT 2024 - Docker stats:
CONTAINER ID   NAME                       CPU %     MEM USAGE / LIMIT   MEM %     NET I/O          BLOCK I/O   PIDS
7cb6081db6f5   llama_training_container   1.25%     403.6MiB / 4GiB     9.85%     13.4GB / 268MB   0B / 13GB   10

Mon Sep  9 12:51:49 PM PKT 2024 - Docker stats:
CONTAINER ID   NAME                       CPU %     MEM USAGE / LIMIT   MEM %     NET I/O          BLOCK I/O     PIDS
7cb6081db6f5   llama_training_container   4.40%     404.3MiB / 4GiB     9.87%     13.6GB / 272MB   0B / 13.1GB   10

Mon Sep  9 12:52:06 PM PKT 2024 - Docker stats:
CONTAINER ID   NAME                       CPU %     MEM USAGE / LIMIT   MEM %     NET I/O          BLOCK I/O     PIDS
7cb6081db6f5   llama_training_container   4.78%     404.2MiB / 4GiB     9.87%     13.7GB / 273MB   0B / 13.2GB   10

Mon Sep  9 12:52:51 PM PKT 2024 - Docker stats:
CONTAINER ID   NAME                       CPU %     MEM USAGE / LIMIT   MEM %     NET I/O          BLOCK I/O     PIDS
7cb6081db6f5   llama_training_container   3.56%     404.4MiB / 4GiB     9.87%     13.9GB / 278MB   0B / 13.4GB   10

Mon Sep  9 12:53:07 PM PKT 2024 - Docker stats:
CONTAINER ID   NAME                       CPU %     MEM USAGE / LIMIT   MEM %     NET I/O        BLOCK I/O     PIDS
7cb6081db6f5   llama_training_container   2.81%     404.5MiB / 4GiB     9.88%     14GB / 279MB   0B / 13.5GB   10

Mon Sep  9 12:53:52 PM PKT 2024 - Docker stats:
CONTAINER ID   NAME                       CPU %     MEM USAGE / LIMIT   MEM %     NET I/O          BLOCK I/O     PIDS
7cb6081db6f5   llama_training_container   2.52%     405.1MiB / 4GiB     9.89%     14.1GB / 283MB   0B / 13.6GB   10

Mon Sep  9 12:54:09 PM PKT 2024 - Docker stats:
CONTAINER ID   NAME                       CPU %     MEM USAGE / LIMIT   MEM %     NET I/O          BLOCK I/O     PIDS
7cb6081db6f5   llama_training_container   3.93%     405.2MiB / 4GiB     9.89%     14.2GB / 284MB   0B / 13.7GB   10

Mon Sep  9 12:54:54 PM PKT 2024 - Docker stats:
CONTAINER ID   NAME                       CPU %     MEM USAGE / LIMIT   MEM %     NET I/O          BLOCK I/O     PIDS
7cb6081db6f5   llama_training_container   5.63%     405MiB / 4GiB       9.89%     14.4GB / 288MB   0B / 13.9GB   10

Mon Sep  9 12:55:10 PM PKT 2024 - Docker stats:
CONTAINER ID   NAME                       CPU %     MEM USAGE / LIMIT   MEM %     NET I/O          BLOCK I/O     PIDS
7cb6081db6f5   llama_training_container   3.55%     405.3MiB / 4GiB     9.90%     14.5GB / 290MB   0B / 13.9GB   10

Mon Sep  9 12:55:55 PM PKT 2024 - Docker stats:
CONTAINER ID   NAME                       CPU %     MEM USAGE / LIMIT   MEM %     NET I/O          BLOCK I/O     PIDS
7cb6081db6f5   llama_training_container   3.31%     405.7MiB / 4GiB     9.91%     14.7GB / 294MB   0B / 14.2GB   10

Mon Sep  9 12:56:12 PM PKT 2024 - Docker stats:
CONTAINER ID   NAME                       CPU %     MEM USAGE / LIMIT   MEM %     NET I/O          BLOCK I/O     PIDS
7cb6081db6f5   llama_training_container   5.03%     406.4MiB / 4GiB     9.92%     14.8GB / 295MB   0B / 14.2GB   10

Mon Sep  9 12:56:57 PM PKT 2024 - Docker stats:
CONTAINER ID   NAME                       CPU %     MEM USAGE / LIMIT   MEM %     NET I/O          BLOCK I/O     PIDS
7cb6081db6f5   llama_training_container   1.88%     406.8MiB / 4GiB     9.93%     14.9GB / 299MB   0B / 14.4GB   10

Mon Sep  9 12:57:13 PM PKT 2024 - Docker stats:
CONTAINER ID   NAME                       CPU %     MEM USAGE / LIMIT   MEM %     NET I/O        BLOCK I/O     PIDS
7cb6081db6f5   llama_training_container   4.71%     406.3MiB / 4GiB     9.92%     15GB / 301MB   0B / 14.4GB   10

Mon Sep  9 12:57:58 PM PKT 2024 - Docker stats:
CONTAINER ID   NAME                       CPU %     MEM USAGE / LIMIT   MEM %     NET I/O          BLOCK I/O     PIDS
7cb6081db6f5   llama_training_container   3.67%     407.6MiB / 4GiB     9.95%     15.2GB / 305MB   0B / 14.7GB   10

Mon Sep  9 12:58:15 PM PKT 2024 - Docker stats:
CONTAINER ID   NAME                       CPU %     MEM USAGE / LIMIT   MEM %     NET I/O          BLOCK I/O     PIDS
7cb6081db6f5   llama_training_container   3.66%     407.3MiB / 4GiB     9.94%     15.3GB / 306MB   0B / 14.7GB   10

Mon Sep  9 12:59:00 PM PKT 2024 - Docker stats:
CONTAINER ID   NAME                       CPU %     MEM USAGE / LIMIT   MEM %     NET I/O          BLOCK I/O        PIDS
7cb6081db6f5   llama_training_container   2.20%     408.1MiB / 4GiB     9.96%     15.5GB / 310MB   4.1kB / 14.9GB   10

Mon Sep  9 12:59:16 PM PKT 2024 - Docker stats:
CONTAINER ID   NAME                       CPU %     MEM USAGE / LIMIT   MEM %     NET I/O          BLOCK I/O      PIDS
7cb6081db6f5   llama_training_container   4.28%     407.9MiB / 4GiB     9.96%     15.6GB / 312MB   4.1kB / 15GB   10

Mon Sep  9 01:00:01 PM PKT 2024 - Docker stats:
CONTAINER ID   NAME                       CPU %     MEM USAGE / LIMIT   MEM %     NET I/O          BLOCK I/O        PIDS
7cb6081db6f5   llama_training_container   3.98%     408.5MiB / 4GiB     9.97%     15.8GB / 316MB   4.1kB / 15.2GB   10

Mon Sep  9 01:00:18 PM PKT 2024 - Docker stats:
CONTAINER ID   NAME                       CPU %     MEM USAGE / LIMIT   MEM %     NET I/O          BLOCK I/O        PIDS
7cb6081db6f5   llama_training_container   2.39%     408.4MiB / 4GiB     9.97%     15.9GB / 317MB   4.1kB / 15.3GB   10

Mon Sep  9 01:01:03 PM PKT 2024 - Docker stats:
CONTAINER ID   NAME                       CPU %     MEM USAGE / LIMIT   MEM %     NET I/O          BLOCK I/O        PIDS
7cb6081db6f5   llama_training_container   5.54%     408.7MiB / 4GiB     9.98%     16.1GB / 322MB   4.1kB / 15.5GB   10

Mon Sep  9 01:01:19 PM PKT 2024 - Docker stats:
CONTAINER ID   NAME                       CPU %     MEM USAGE / LIMIT   MEM %     NET I/O          BLOCK I/O        PIDS
7cb6081db6f5   llama_training_container   3.31%     409MiB / 4GiB       9.98%     16.2GB / 323MB   4.1kB / 15.6GB   10

Mon Sep  9 01:02:04 PM PKT 2024 - Docker stats:
CONTAINER ID   NAME                       CPU %     MEM USAGE / LIMIT   MEM %     NET I/O          BLOCK I/O        PIDS
7cb6081db6f5   llama_training_container   3.17%     409.6MiB / 4GiB     10.00%    16.4GB / 327MB   4.1kB / 15.8GB   10

Mon Sep  9 01:02:21 PM PKT 2024 - Docker stats:
CONTAINER ID   NAME                       CPU %     MEM USAGE / LIMIT   MEM %     NET I/O          BLOCK I/O        PIDS
7cb6081db6f5   llama_training_container   4.43%     409.5MiB / 4GiB     10.00%    16.4GB / 329MB   4.1kB / 15.9GB   10

Mon Sep  9 01:03:06 PM PKT 2024 - Docker stats:
CONTAINER ID   NAME                       CPU %     MEM USAGE / LIMIT   MEM %     NET I/O          BLOCK I/O       PIDS
7cb6081db6f5   llama_training_container   131.46%   2.309GiB / 4GiB     57.72%    16.6GB / 332MB   2.46GB / 17GB   13

Mon Sep  9 01:03:22 PM PKT 2024 - Docker stats:
CONTAINER ID   NAME                       CPU %     MEM USAGE / LIMIT   MEM %     NET I/O   BLOCK I/O   PIDS
7cb6081db6f5   llama_training_container   0.00%     0B / 0B             0.00%     0B / 0B   0B / 0B     0

Mon Sep  9 01:04:07 PM PKT 2024 - Docker stats:
CONTAINER ID   NAME                       CPU %     MEM USAGE / LIMIT   MEM %     NET I/O   BLOCK I/O   PIDS
7cb6081db6f5   llama_training_container   0.00%     0B / 0B             0.00%     0B / 0B   0B / 0B     0

Mon Sep  9 01:04:23 PM PKT 2024 - Docker stats:
CONTAINER ID   NAME                       CPU %     MEM USAGE / LIMIT   MEM %     NET I/O   BLOCK I/O   PIDS
7cb6081db6f5   llama_training_container   0.00%     0B / 0B             0.00%     0B / 0B   0B / 0B     0




























Mon Sep  9 01:23:58 PM PKT 2024 - Prompt: scope of datascience
Mon Sep  9 01:23:58 PM PKT 2024 - Docker stats:
CONTAINER ID   NAME                       CPU %     MEM USAGE / LIMIT   MEM %     NET I/O          BLOCK I/O       PIDS
988e2a783328   llama_training_container   3.43%     273.1MiB / 4GiB     6.67%     14.5MB / 350kB   34MB / 9.74MB   10

Mon Sep  9 01:24:59 PM PKT 2024 - Docker stats:
CONTAINER ID   NAME                       CPU %     MEM USAGE / LIMIT   MEM %     NET I/O         BLOCK I/O      PIDS
988e2a783328   llama_training_container   7.09%     281.5MiB / 4GiB     6.87%     281MB / 5.8MB   34MB / 136MB   10

Mon Sep  9 01:26:01 PM PKT 2024 - Docker stats:
CONTAINER ID   NAME                       CPU %     MEM USAGE / LIMIT   MEM %     NET I/O          BLOCK I/O      PIDS
988e2a783328   llama_training_container   1.54%     289.2MiB / 4GiB     7.06%     568MB / 11.6MB   34MB / 419MB   10

